<html>
<body>
<pre>
<h1>µVision Build Log</h1>
<h2>Tool Versions:</h2>
IDE-Version: ¦ÌVision V5.29.0.0
Copyright (C) 2019 ARM Ltd and ARM Germany GmbH. All rights reserved.
License Information: 1 2, 3, LIC=KIVNN-YSCIK-24ASS-L3PTE-5PI1W-CKZ2Z
 
Tool Versions:
Toolchain:       MDK-ARM Professional  Version: 5.29.0.0
Toolchain Path:  C:\Keil_v5\ARM\ARMCC\Bin
C Compiler:      Armcc.exe V5.06 update 6 (build 750)
Assembler:       Armasm.exe V5.06 update 6 (build 750)
Linker/Locator:  ArmLink.exe V5.06 update 6 (build 750)
Library Manager: ArmAr.exe V5.06 update 6 (build 750)
Hex Converter:   FromElf.exe V5.06 update 6 (build 750)
CPU DLL:         SARMCM3.DLL V5.29.0.0
Dialog DLL:      DCM.DLL V1.17.3.0
Target DLL:      STLink\ST-LINKIII-KEIL_SWO.dll V3.0.7.0
Dialog DLL:      TCM.DLL V1.36.5.0
 
<h2>Project:</h2>
E:\workPlace\GitHub\car_personal\Car_Control\project\carControl.uvprojx
Project File Date:  11/22/2019

<h2>Output:</h2>
*** Using Compiler 'V5.06 update 6 (build 750)', folder: 'C:\Keil_v5\ARM\ARMCC\Bin'
Rebuild target 'Car_Control'
compiling system_stm32f10x.c...
compiling misc.c...
compiling stm32f10x_it.c...
compiling main.c...
compiling stm32f10x_adc.c...
compiling stm32f10x_cec.c...
compiling stm32f10x_bkp.c...
compiling stm32f10x_dac.c...
compiling stm32f10x_crc.c...
compiling stm32f10x_can.c...
compiling stm32f10x_dbgmcu.c...
compiling stm32f10x_dma.c...
compiling stm32f10x_fsmc.c...
compiling stm32f10x_exti.c...
compiling stm32f10x_flash.c...
compiling stm32f10x_iwdg.c...
compiling stm32f10x_gpio.c...
compiling stm32f10x_pwr.c...
compiling stm32f10x_i2c.c...
compiling stm32f10x_rcc.c...
compiling stm32f10x_spi.c...
compiling stm32f10x_usart.c...
compiling stm32f10x_sdio.c...
compiling stm32f10x_rtc.c...
compiling stm32f10x_tim.c...
compiling HC_05.c...
compiling stm32f10x_wwdg.c...
compiling beep.c...
compiling mpu6050.c...
compiling key.c...
compiling led.c...
assembling startup_stm32f10x_hd.s...
compiling delay.c...
compiling usart.c...
compiling core_cm3.c...
linking...
Program Size: Code=3644 RO-data=336 RW-data=56 ZI-data=1832  
FromELF: creating hex file...
".\Objects\carControl.axf" - 0 Error(s), 0 Warning(s).

<h2>Software Packages used:</h2>

Package Vendor: Keil
                http://www.keil.com/pack/Keil.STM32F1xx_DFP.1.0.5.pack
                Keil.STM32F1xx_DFP.1.0.5
                STMicroelectronics STM32F1 Series Device Support, Drivers and Examples

<h2>Collection of Component include folders:</h2>
  .\RTE\_Car_Control
  C:\Users\wjc\AppData\Local\Arm\Packs\Keil\STM32F1xx_DFP\1.0.5\Device\Include

<h2>Collection of Component Files used:</h2>
Build Time Elapsed:  00:00:06
</pre>
</body>
</html>
